{"name":"grunt-upcoming","version":"0.1.0","upcoming":{"release":"major","version":"1.0.0"}}